ERC report (2026-05-31T20:31:42, Encoding UTF8)
Report includes: Errors, Warnings

***** Sheet /
[endpoint_off_grid]: Symbol pin or wire end off connection grid
    ; warning
    @(63.50 mm, 81.20 mm): Symbol U2 Pin 1 [DIN, Unspecified, Line]
[endpoint_off_grid]: Symbol pin or wire end off connection grid
    ; warning
    @(63.50 mm, 86.28 mm): Pin 1 [???, ?]
[endpoint_off_grid]: Symbol pin or wire end off connection grid
    ; warning
    @(63.50 mm, 96.44 mm): Pin 1 [???, ?]
[endpoint_off_grid]: Symbol pin or wire end off connection grid
    ; warning
    @(63.50 mm, 98.98 mm): Pin 1 [???, ?]
[endpoint_off_grid]: Symbol pin or wire end off connection grid
    ; warning
    @(68.58 mm, 109.61 mm): Symbol U3 Pin 1 [GND, Unspecified, Line]
[endpoint_off_grid]: Symbol pin or wire end off connection grid
    ; warning
    @(68.58 mm, 109.61 mm): Pin 1 [???, ?]
[endpoint_off_grid]: Symbol pin or wire end off connection grid
    ; warning
    @(68.58 mm, 112.15 mm): Pin 1 [???, ?]
[endpoint_off_grid]: Symbol pin or wire end off connection grid
    ; warning
    @(68.58 mm, 114.69 mm): Pin 1 [???, ?]
[endpoint_off_grid]: Symbol pin or wire end off connection grid
    ; warning
    @(80.01 mm, 59.08 mm): Symbol TP3 Pin 1 [1, Passive, Line]
[lib_symbol_mismatch]: Symbol 'TestPoint' doesn't match copy in library 'Connector'
    ; warning
    @(80.01 mm, 59.08 mm): Symbol TP3 [TestPoint]
[endpoint_off_grid]: Symbol pin or wire end off connection grid
    ; warning
    @(80.01 mm, 76.45 mm): Pin 1 [???, ?]
[endpoint_off_grid]: Symbol pin or wire end off connection grid
    ; warning
    @(80.01 mm, 76.45 mm): Symbol C1 Pin 1 [Passive, Line]
[lib_symbol_mismatch]: Symbol 'C' doesn't match copy in library 'Device'
    ; warning
    @(80.01 mm, 80.26 mm): Symbol C1 [C]
[endpoint_off_grid]: Symbol pin or wire end off connection grid
    ; warning
    @(80.01 mm, 84.07 mm): Pin 1 [???, ?]
[lib_symbol_mismatch]: Symbol 'MAX98357AETE+T' doesn't match copy in library 'EasyEDA'
    ; warning
    @(80.01 mm, 91.36 mm): Symbol U2 [MAX98357AETE+T]
[endpoint_off_grid]: Symbol pin or wire end off connection grid
    ; warning
    @(80.01 mm, 104.06 mm): Pin 1 [???, ?]
[lib_symbol_mismatch]: Symbol 'AMS1117-3.3' doesn't match copy in library 'EasyEDA'
    ; warning
    @(80.01 mm, 112.15 mm): Symbol U3 [AMS1117-3.3]
[endpoint_off_grid]: Symbol pin or wire end off connection grid
    ; warning
    @(80.01 mm, 146.56 mm): Pin 1 [???, ?]
[endpoint_off_grid]: Symbol pin or wire end off connection grid
    ; warning
    @(80.01 mm, 146.56 mm): Symbol C4 Pin 1 [Passive, Line]
[lib_symbol_mismatch]: Symbol 'C' doesn't match copy in library 'Device'
    ; warning
    @(80.01 mm, 150.37 mm): Symbol C4 [C]
[endpoint_off_grid]: Symbol pin or wire end off connection grid
    ; warning
    @(80.01 mm, 154.18 mm): Pin 1 [???, ?]
[lib_symbol_mismatch]: Symbol 'R' doesn't match copy in library 'Device'
    ; warning
    @(80.01 mm, 177.80 mm): Symbol R2 [R]
[endpoint_off_grid]: Symbol pin or wire end off connection grid
    ; warning
    @(86.99 mm, 96.27 mm): Pin 1 [???, ?]
[endpoint_off_grid]: Symbol pin or wire end off connection grid
    ; warning
    @(86.99 mm, 96.27 mm): Symbol R3 Pin 1 [Passive, Line]
[lib_symbol_mismatch]: Symbol 'R' doesn't match copy in library 'Device'
    ; warning
    @(86.99 mm, 100.08 mm): Symbol R3 [R]
[endpoint_off_grid]: Symbol pin or wire end off connection grid
    ; warning
    @(87.93 mm, 76.45 mm): Symbol C5 Pin 1 [Passive, Line]
[endpoint_off_grid]: Symbol pin or wire end off connection grid
    ; warning
    @(87.93 mm, 76.45 mm): Pin 1 [???, ?]
[lib_symbol_mismatch]: Symbol 'C' doesn't match copy in library 'Device'
    ; warning
    @(87.93 mm, 80.26 mm): Symbol C5 [C]
[endpoint_off_grid]: Symbol pin or wire end off connection grid
    ; warning
    @(87.93 mm, 84.07 mm): Pin 1 [???, ?]
[endpoint_off_grid]: Symbol pin or wire end off connection grid
    ; warning
    @(87.93 mm, 173.99 mm): Symbol C2 Pin 1 [Passive, Line]
[endpoint_off_grid]: Symbol pin or wire end off connection grid
    ; warning
    @(87.93 mm, 173.99 mm): Pin 1 [???, ?]
[lib_symbol_mismatch]: Symbol 'C' doesn't match copy in library 'Device'
    ; warning
    @(87.93 mm, 177.80 mm): Symbol C2 [C]
[endpoint_off_grid]: Symbol pin or wire end off connection grid
    ; warning
    @(87.93 mm, 181.61 mm): Pin 1 [???, ?]
[endpoint_off_grid]: Symbol pin or wire end off connection grid
    ; warning
    @(88.91 mm, 136.41 mm): Symbol TP1 Pin 1 [1, Passive, Line]
[endpoint_off_grid]: Symbol pin or wire end off connection grid
    ; warning
    @(88.91 mm, 136.41 mm): Pin 1 [???, ?]
[lib_symbol_mismatch]: Symbol 'TestPoint' doesn't match copy in library 'Connector'
    ; warning
    @(88.91 mm, 136.41 mm): Symbol TP1 [TestPoint]
[endpoint_off_grid]: Symbol pin or wire end off connection grid
    ; warning
    @(91.44 mm, 112.15 mm): Pin 1 [???, ?]
[endpoint_off_grid]: Symbol pin or wire end off connection grid
    ; warning
    @(93.97 mm, 76.45 mm): Symbol R1 Pin 1 [Passive, Line]
[lib_symbol_mismatch]: Symbol 'R' doesn't match copy in library 'Device'
    ; warning
    @(93.97 mm, 80.26 mm): Symbol R1 [R]
[endpoint_off_grid]: Symbol pin or wire end off connection grid
    ; warning
    @(93.97 mm, 84.07 mm): Pin 1 [???, ?]
[endpoint_off_grid]: Symbol pin or wire end off connection grid
    ; warning
    @(95.86 mm, 91.69 mm): Pin 1 [???, ?]
[endpoint_off_grid]: Symbol pin or wire end off connection grid
    ; warning
    @(95.86 mm, 91.69 mm): Symbol C3 Pin 1 [Passive, Line]
[lib_symbol_mismatch]: Symbol 'C' doesn't match copy in library 'Device'
    ; warning
    @(95.86 mm, 95.50 mm): Symbol C3 [C]
[endpoint_off_grid]: Symbol pin or wire end off connection grid
    ; warning
    @(95.86 mm, 99.31 mm): Pin 1 [???, ?]
[endpoint_off_grid]: Symbol pin or wire end off connection grid
    ; warning
    @(95.86 mm, 173.99 mm): Pin 1 [???, ?]
[endpoint_off_grid]: Symbol pin or wire end off connection grid
    ; warning
    @(95.86 mm, 173.99 mm): Symbol C6 Pin 1 [Passive, Line]
[lib_symbol_mismatch]: Symbol 'C' doesn't match copy in library 'Device'
    ; warning
    @(95.86 mm, 177.80 mm): Symbol C6 [C]
[endpoint_off_grid]: Symbol pin or wire end off connection grid
    ; warning
    @(95.86 mm, 181.61 mm): Pin 1 [???, ?]
[endpoint_off_grid]: Symbol pin or wire end off connection grid
    ; warning
    @(96.52 mm, 83.74 mm): Pin 1 [???, ?]
[endpoint_off_grid]: Symbol pin or wire end off connection grid
    ; warning
    @(96.52 mm, 93.90 mm): Pin 1 [???, ?]
[endpoint_off_grid]: Symbol pin or wire end off connection grid
    ; warning
    @(97.81 mm, 142.50 mm): Symbol TP2 Pin 1 [1, Passive, Line]
[endpoint_off_grid]: Symbol pin or wire end off connection grid
    ; warning
    @(97.81 mm, 142.50 mm): Pin 1 [???, ?]
[lib_symbol_mismatch]: Symbol 'TestPoint' doesn't match copy in library 'Connector'
    ; warning
    @(97.81 mm, 142.50 mm): Symbol TP2 [TestPoint]
[endpoint_off_grid]: Symbol pin or wire end off connection grid
    ; warning
    @(97.81 mm, 154.06 mm): Symbol TP4 Pin 1 [1, Passive, Line]
[lib_symbol_mismatch]: Symbol 'TestPoint' doesn't match copy in library 'Connector'
    ; warning
    @(97.81 mm, 154.06 mm): Symbol TP4 [TestPoint]
[endpoint_off_grid]: Symbol pin or wire end off connection grid
    ; warning
    @(100.95 mm, 173.99 mm): Symbol R4 Pin 1 [Passive, Line]
[endpoint_off_grid]: Symbol pin or wire end off connection grid
    ; warning
    @(100.95 mm, 173.99 mm): Pin 1 [???, ?]
[lib_symbol_mismatch]: Symbol 'R' doesn't match copy in library 'Device'
    ; warning
    @(100.95 mm, 177.80 mm): Symbol R4 [R]
[endpoint_off_grid]: Symbol pin or wire end off connection grid
    ; warning
    @(126.49 mm, 26.38 mm): Pin 1 [???, ?]
[endpoint_off_grid]: Symbol pin or wire end off connection grid
    ; warning
    @(126.49 mm, 28.92 mm): Pin 1 [???, ?]
[endpoint_off_grid]: Symbol pin or wire end off connection grid
    ; warning
    @(126.49 mm, 31.46 mm): Pin 1 [???, ?]
[lib_symbol_mismatch]: Symbol 'ESP32-S3-MINI-1U-N4R2' doesn't match copy in library 'EasyEDA'
    ; warning
    @(137.92 mm, 64.48 mm): Symbol U1 [ESP32-S3-MINI-1U-N4R2]
[endpoint_off_grid]: Symbol pin or wire end off connection grid
    ; warning
    @(144.78 mm, 138.86 mm): Symbol J2 Pin 1 [1, Unspecified, Line]
[lib_symbol_mismatch]: Symbol '210-A-SMD_02' doesn't match copy in library 'EasyEDA'
    ; warning
    @(148.59 mm, 140.13 mm): Symbol J2 [210-A-SMD_02]
[endpoint_off_grid]: Symbol pin or wire end off connection grid
    ; warning
    @(149.35 mm, 23.84 mm): Symbol U1 Pin 65 [GND, Unspecified, Line]
[endpoint_off_grid]: Symbol pin or wire end off connection grid
    ; warning
    @(149.35 mm, 23.84 mm): Pin 1 [???, ?]
[endpoint_off_grid]: Symbol pin or wire end off connection grid
    ; warning
    @(149.35 mm, 26.38 mm): Pin 1 [???, ?]
[endpoint_off_grid]: Symbol pin or wire end off connection grid
    ; warning
    @(149.35 mm, 28.92 mm): Pin 1 [???, ?]
[endpoint_off_grid]: Symbol pin or wire end off connection grid
    ; warning
    @(149.35 mm, 31.46 mm): Pin 1 [???, ?]
[endpoint_off_grid]: Symbol pin or wire end off connection grid
    ; warning
    @(149.35 mm, 34.00 mm): Pin 1 [???, ?]
[endpoint_off_grid]: Symbol pin or wire end off connection grid
    ; warning
    @(149.35 mm, 36.54 mm): Pin 1 [???, ?]
[endpoint_off_grid]: Symbol pin or wire end off connection grid
    ; warning
    @(149.35 mm, 39.08 mm): Pin 1 [???, ?]
[endpoint_off_grid]: Symbol pin or wire end off connection grid
    ; warning
    @(149.35 mm, 41.62 mm): Pin 1 [???, ?]
[endpoint_off_grid]: Symbol pin or wire end off connection grid
    ; warning
    @(149.35 mm, 44.16 mm): Pin 1 [???, ?]
[endpoint_off_grid]: Symbol pin or wire end off connection grid
    ; warning
    @(149.35 mm, 46.70 mm): Pin 1 [???, ?]
[endpoint_off_grid]: Symbol pin or wire end off connection grid
    ; warning
    @(149.35 mm, 49.24 mm): Pin 1 [???, ?]
[endpoint_off_grid]: Symbol pin or wire end off connection grid
    ; warning
    @(149.35 mm, 51.78 mm): Pin 1 [???, ?]
[endpoint_off_grid]: Symbol pin or wire end off connection grid
    ; warning
    @(149.35 mm, 54.32 mm): Pin 1 [???, ?]
[endpoint_off_grid]: Symbol pin or wire end off connection grid
    ; warning
    @(149.35 mm, 56.86 mm): Pin 1 [???, ?]
[endpoint_off_grid]: Symbol pin or wire end off connection grid
    ; warning
    @(149.35 mm, 59.40 mm): Pin 1 [???, ?]
[endpoint_off_grid]: Symbol pin or wire end off connection grid
    ; warning
    @(149.35 mm, 61.94 mm): Pin 1 [???, ?]
[endpoint_off_grid]: Symbol pin or wire end off connection grid
    ; warning
    @(149.35 mm, 64.48 mm): Pin 1 [???, ?]
[endpoint_off_grid]: Symbol pin or wire end off connection grid
    ; warning
    @(149.35 mm, 67.02 mm): Pin 1 [???, ?]
[endpoint_off_grid]: Symbol pin or wire end off connection grid
    ; warning
    @(149.35 mm, 69.56 mm): Pin 1 [???, ?]
[endpoint_off_grid]: Symbol pin or wire end off connection grid
    ; warning
    @(149.35 mm, 72.10 mm): Pin 1 [???, ?]
[endpoint_off_grid]: Symbol pin or wire end off connection grid
    ; warning
    @(149.35 mm, 79.72 mm): Pin 1 [???, ?]
[endpoint_off_grid]: Symbol pin or wire end off connection grid
    ; warning
    @(149.35 mm, 82.26 mm): Pin 1 [???, ?]
[endpoint_off_grid]: Symbol pin or wire end off connection grid
    ; warning
    @(152.65 mm, 168.99 mm): Symbol SW2 Pin 1 [1, Passive, Line]
[lib_symbol_mismatch]: Symbol 'SW_Push' doesn't match copy in library 'Switch'
    ; warning
    @(157.73 mm, 168.99 mm): Symbol SW2 [SW_Push]
[endpoint_off_grid]: Symbol pin or wire end off connection grid
    ; warning
    @(162.81 mm, 168.99 mm): Pin 1 [???, ?]
[endpoint_off_grid]: Symbol pin or wire end off connection grid
    ; warning
    @(166.37 mm, 151.37 mm): Symbol SW1 Pin 1 [1, Passive, Line]
[lib_symbol_mismatch]: Symbol 'SW_Push' doesn't match copy in library 'Switch'
    ; warning
    @(171.45 mm, 151.37 mm): Symbol SW1 [SW_Push]
[endpoint_off_grid]: Symbol pin or wire end off connection grid
    ; warning
    @(176.53 mm, 151.37 mm): Pin 1 [???, ?]
[endpoint_off_grid]: Symbol pin or wire end off connection grid
    ; warning
    @(212.34 mm, 52.50 mm): Symbol J1 Pin 8 [8, Unspecified, Line]
[endpoint_off_grid]: Symbol pin or wire end off connection grid
    ; warning
    @(212.34 mm, 52.50 mm): Pin 1 [???, ?]
[endpoint_off_grid]: Symbol pin or wire end off connection grid
    ; warning
    @(219.96 mm, 42.34 mm): Pin 1 [???, ?]
[lib_symbol_issues]: Symbol 'PH-6Pç«è´´' not found in symbol library 'EasyEDA'
    ; warning
    @(226.31 mm, 48.69 mm): Symbol J1 [PH-6Pç«è´´]
[endpoint_off_grid]: Symbol pin or wire end off connection grid
    ; warning
    @(232.66 mm, 42.34 mm): Pin 1 [???, ?]
[endpoint_off_grid]: Symbol pin or wire end off connection grid
    ; warning
    @(240.28 mm, 52.50 mm): Pin 1 [???, ?]

***** Sheet /speakeasy_board1/
[pin_not_connected]: Pin not connected
    ; error
    @(63.50 mm, 83.74 mm): Symbol U2 Pin 2 [GAIN_SLOT, Unspecified, Line]
[pin_not_connected]: Pin not connected
    ; error
    @(63.50 mm, 91.36 mm): Symbol U2 Pin 5 [N.C., Unspecified, Line]
[pin_not_connected]: Pin not connected
    ; error
    @(63.50 mm, 93.90 mm): Symbol U2 Pin 6 [N.C., Unspecified, Line]
[pin_not_connected]: Pin not connected
    ; error
    @(96.52 mm, 88.82 mm): Symbol U2 Pin 13 [N.C., Unspecified, Line]
[pin_not_connected]: Pin not connected
    ; error
    @(96.52 mm, 91.36 mm): Symbol U2 Pin 12 [N.C., Unspecified, Line]
[pin_not_connected]: Pin not connected
    ; error
    @(126.49 mm, 36.54 mm): Symbol U1 Pin 5 [IO1, Unspecified, Line]
[pin_not_connected]: Pin not connected
    ; error
    @(126.49 mm, 39.08 mm): Symbol U1 Pin 6 [IO2, Unspecified, Line]
[pin_not_connected]: Pin not connected
    ; error
    @(126.49 mm, 41.62 mm): Symbol U1 Pin 7 [IO3, Unspecified, Line]
[pin_not_connected]: Pin not connected
    ; error
    @(126.49 mm, 51.78 mm): Symbol U1 Pin 11 [IO7, Unspecified, Line]
[pin_not_connected]: Pin not connected
    ; error
    @(126.49 mm, 54.32 mm): Symbol U1 Pin 12 [IO8, Unspecified, Line]
[pin_not_connected]: Pin not connected
    ; error
    @(126.49 mm, 56.86 mm): Symbol U1 Pin 13 [IO9, Unspecified, Line]
[pin_not_connected]: Pin not connected
    ; error
    @(126.49 mm, 59.40 mm): Symbol U1 Pin 14 [IO10, Unspecified, Line]
[pin_not_connected]: Pin not connected
    ; error
    @(126.49 mm, 61.94 mm): Symbol U1 Pin 15 [IO11, Unspecified, Line]
[pin_not_connected]: Pin not connected
    ; error
    @(126.49 mm, 64.48 mm): Symbol U1 Pin 16 [IO12, Unspecified, Line]
[pin_not_connected]: Pin not connected
    ; error
    @(126.49 mm, 67.02 mm): Symbol U1 Pin 17 [IO13, Unspecified, Line]
[pin_not_connected]: Pin not connected
    ; error
    @(126.49 mm, 69.56 mm): Symbol U1 Pin 18 [IO14, Unspecified, Line]
[pin_not_connected]: Pin not connected
    ; error
    @(126.49 mm, 72.10 mm): Symbol U1 Pin 19 [IO15, Unspecified, Line]
[pin_not_connected]: Pin not connected
    ; error
    @(126.49 mm, 74.64 mm): Symbol U1 Pin 20 [IO16, Unspecified, Line]
[pin_not_connected]: Pin not connected
    ; error
    @(126.49 mm, 77.18 mm): Symbol U1 Pin 21 [IO17, Unspecified, Line]
[pin_not_connected]: Pin not connected
    ; error
    @(126.49 mm, 79.72 mm): Symbol U1 Pin 22 [IO18, Unspecified, Line]
[pin_not_connected]: Pin not connected
    ; error
    @(126.49 mm, 87.34 mm): Symbol U1 Pin 25 [IO21, Unspecified, Line]
[pin_not_connected]: Pin not connected
    ; error
    @(126.49 mm, 89.88 mm): Symbol U1 Pin 26 [IO26, Unspecified, Line]
[pin_not_connected]: Pin not connected
    ; error
    @(126.49 mm, 92.42 mm): Symbol U1 Pin 27 [IO47, Unspecified, Line]
[pin_not_connected]: Pin not connected
    ; error
    @(126.49 mm, 94.96 mm): Symbol U1 Pin 28 [IO33, Unspecified, Line]
[pin_not_connected]: Pin not connected
    ; error
    @(126.49 mm, 97.50 mm): Symbol U1 Pin 29 [IO34, Unspecified, Line]
[pin_not_connected]: Pin not connected
    ; error
    @(126.49 mm, 100.04 mm): Symbol U1 Pin 30 [IO48, Unspecified, Line]
[pin_not_connected]: Pin not connected
    ; error
    @(126.49 mm, 102.58 mm): Symbol U1 Pin 31 [IO35, Unspecified, Line]
[pin_not_connected]: Pin not connected
    ; error
    @(126.49 mm, 105.12 mm): Symbol U1 Pin 32 [IO36, Unspecified, Line]
[pin_not_connected]: Pin not connected
    ; error
    @(149.35 mm, 77.18 mm): Symbol U1 Pin 44 [IO46, Unspecified, Line]
[pin_not_connected]: Pin not connected
    ; error
    @(149.35 mm, 84.80 mm): Symbol U1 Pin 41 [IO45, Unspecified, Line]
[pin_not_connected]: Pin not connected
    ; error
    @(149.35 mm, 92.42 mm): Symbol U1 Pin 38 [IO42, Unspecified, Line]
[pin_not_connected]: Pin not connected
    ; error
    @(149.35 mm, 94.96 mm): Symbol U1 Pin 37 [IO41, Unspecified, Line]
[pin_not_connected]: Pin not connected
    ; error
    @(149.35 mm, 97.50 mm): Symbol U1 Pin 36 [IO40, Unspecified, Line]
[pin_not_connected]: Pin not connected
    ; error
    @(149.35 mm, 100.04 mm): Symbol U1 Pin 35 [IO39, Unspecified, Line]
[pin_not_connected]: Pin not connected
    ; error
    @(149.35 mm, 102.58 mm): Symbol U1 Pin 34 [IO38, Unspecified, Line]
[pin_not_connected]: Pin not connected
    ; error
    @(149.35 mm, 105.12 mm): Symbol U1 Pin 33 [IO37, Unspecified, Line]
[pin_to_pin]: Pins of type Unspecified and Passive are connected
    ; warning
    @(63.50 mm, 88.82 mm): Symbol U2 Pin 4 [~{SD_MODE}, Unspecified, Line]
    @(100.95 mm, 181.61 mm): Symbol R4 Pin 2 [Passive, Line]
[pin_to_pin]: Pins of type Unspecified and Passive are connected
    ; warning
    @(126.49 mm, 34.00 mm): Symbol U1 Pin 4 [IO0, Unspecified, Line]
    @(166.37 mm, 151.37 mm): Symbol SW1 Pin 1 [1, Passive, Line]
[pin_to_pin]: Pins of type Unspecified and Unspecified are connected
    ; warning
    @(126.49 mm, 44.16 mm): Symbol U1 Pin 8 [IO4, Unspecified, Line]
    @(63.50 mm, 81.20 mm): Symbol U2 Pin 1 [DIN, Unspecified, Line]
[pin_to_pin]: Pins of type Unspecified and Unspecified are connected
    ; warning
    @(126.49 mm, 46.70 mm): Symbol U1 Pin 9 [IO5, Unspecified, Line]
    @(96.52 mm, 81.20 mm): Symbol U2 Pin 16 [BCLK, Unspecified, Line]
[pin_to_pin]: Pins of type Unspecified and Unspecified are connected
    ; warning
    @(126.49 mm, 49.24 mm): Symbol U1 Pin 10 [IO6, Unspecified, Line]
    @(96.52 mm, 86.28 mm): Symbol U2 Pin 14 [LRCLK, Unspecified, Line]
[pin_to_pin]: Pins of type Unspecified and Unspecified are connected
    ; warning
    @(144.78 mm, 138.86 mm): Symbol J2 Pin 1 [1, Unspecified, Line]
    @(96.52 mm, 98.98 mm): Symbol U2 Pin 9 [OUTP, Unspecified, Line]
[pin_to_pin]: Pins of type Unspecified and Unspecified are connected
    ; warning
    @(144.78 mm, 141.40 mm): Symbol J2 Pin 2 [2, Unspecified, Line]
    @(96.52 mm, 96.44 mm): Symbol U2 Pin 10 [OUTN, Unspecified, Line]
[pin_to_pin]: Pins of type Unspecified and Passive are connected
    ; warning
    @(149.35 mm, 74.64 mm): Symbol U1 Pin 45 [EN, Unspecified, Line]
    @(86.99 mm, 103.89 mm): Symbol R3 Pin 2 [Passive, Line]
[pin_to_pin]: Pins of type Unspecified and Passive are connected
    ; warning
    @(149.35 mm, 87.34 mm): Symbol U1 Pin 40 [RXD0, Unspecified, Line]
    @(97.81 mm, 154.06 mm): Symbol TP4 Pin 1 [1, Passive, Line]
[pin_to_pin]: Pins of type Unspecified and Passive are connected
    ; warning
    @(149.35 mm, 89.88 mm): Symbol U1 Pin 39 [TXD0, Unspecified, Line]
    @(80.01 mm, 59.08 mm): Symbol TP3 Pin 1 [1, Passive, Line]
[pin_to_pin]: Pins of type Unspecified and Unspecified are connected
    ; warning
    @(222.50 mm, 42.34 mm): Symbol J1 Pin 2 [2, Unspecified, Line]
    @(126.49 mm, 84.80 mm): Symbol U1 Pin 24 [IO20, Unspecified, Line]
[pin_to_pin]: Pins of type Unspecified and Unspecified are connected
    ; warning
    @(225.04 mm, 42.34 mm): Symbol J1 Pin 3 [3, Unspecified, Line]
    @(126.49 mm, 82.26 mm): Symbol U1 Pin 23 [IO19, Unspecified, Line]
[pin_to_pin]: Pins of type Unspecified and Passive are connected
    ; warning
    @(227.58 mm, 42.34 mm): Symbol J1 Pin 4 [4, Unspecified, Line]
    @(80.01 mm, 173.99 mm): Symbol R2 Pin 1 [Passive, Line]
[pin_to_pin]: Pins of type Unspecified and Passive are connected
    ; warning
    @(230.12 mm, 42.34 mm): Symbol J1 Pin 5 [5, Unspecified, Line]
    @(93.97 mm, 76.45 mm): Symbol R1 Pin 1 [Passive, Line]

 ** ERC messages: 149  Errors 36  Warnings 113

 ** Ignored checks:
    - Global label only appears once in the schematic
    - Four connection points are joined together
    - SPICE model issue
    - Assigned footprint doesn't match footprint filters
